[2025-08-14 15:21:46][INFO] Loading resources...
[2025-08-14 15:21:46][FINE] Loading resources from: mods/bluemap-5.10-fabric.jar ...
[2025-08-14 15:21:46][FINE] Loading resources from: mods/DnT-ocean-monument-overhaul-v2 [Fabric].jar ...
[2025-08-14 15:21:46][FINE] Loading resources from: mods/dnt-jungle-temple-overhaul-v2 [Fabric].jar ...
[2025-08-14 15:21:46][FINE] Loading resources from: mods/Geyser-Fabric.jar ...
[2025-08-14 15:21:46][FINE] Loading resources from: mods/cristellib-fabric-2.0.3.jar ...
[2025-08-14 15:21:46][FINE] Loading resources from: mods/dragonegggame-1.0.2-1.21.6.jar ...
[2025-08-14 15:21:46][FINE] Loading resources from: mods/medieval_buildings_nether_edition-1.21.X-1.0.0-fabric.jar ...
[2025-08-14 15:21:46][FINE] Loading resources from: mods/mmv-1.1.3-1.21.8.jar ...
[2025-08-14 15:21:46][FINE] Loading resources from: mods/Philips-Ruins1.21.8-Fabric-1.0.jar ...
[2025-08-14 15:21:46][FINE] Loading resources from: mods/Chunky-Fabric-1.4.40.jar ...
[2025-08-14 15:21:46][FINE] Loading resources from: mods/dnt-desert-temple-overhaul-v2 [Fabric].jar ...
[2025-08-14 15:21:46][FINE] Loading resources from: mods/mss-1.3.6-1.21.8.jar ...
[2025-08-14 15:21:46][FINE] Loading resources from: mods/mes-1.4.4-1.21.8.jar ...
[2025-08-14 15:21:46][FINE] Loading resources from: mods/lithium-fabric-0.18.0+mc1.21.8.jar ...
[2025-08-14 15:21:46][FINE] Loading resources from: mods/mvs-4.4.6-1.21.8.jar ...
[2025-08-14 15:21:46][FINE] Loading resources from: mods/DnT-nether-fortress-overhaul-v3 [Fabric].jar ...
[2025-08-14 15:21:46][FINE] Loading resources from: mods/medieval_buildings-1.21.6-1.1.1-fabric.jar ...
[2025-08-14 15:21:46][FINE] Loading resources from: mods/DnT-pillager-outpost-overhaul-v3.2.1 [Fabric].jar ...
[2025-08-14 15:21:46][FINE] Loading resources from: mods/dnt-swamp-hut-overhaul-v2.2 [Fabric].jar ...
[2025-08-14 15:21:46][FINE] Loading resources from: mods/dnt-stronghold-overhaul-lite-edition-v1.1 [Fabric].jar ...
[2025-08-14 15:21:46][FINE] Loading resources from: mods/fabric-api-0.130.0+1.21.8.jar ...
[2025-08-14 15:21:46][FINE] Loading resources from: mods/Floodgate-Fabric-2.2.5-b45.jar ...
[2025-08-14 15:21:46][FINE] Loading resources from: mods/medieval_buildings_end_edition-1.21.6-1.0.3-fabric.jar ...
[2025-08-14 15:21:46][FINE] Loading resources from: mods/mns-1.1.4-1.21.8.jar ...
[2025-08-14 15:21:46][FINE] Loading resources from: bluemap/resourceExtensions.zip ...
[2025-08-14 15:21:46][FINE] Loading resources from: bluemap/minecraft-client-1.21.8.jar ...
[2025-08-14 15:21:46][FINE] Collecting texture-keys...
[2025-08-14 15:21:46][FINE] Found 1154 texture-keys.
[2025-08-14 15:21:46][FINE] Loading textures from: mods/bluemap-5.10-fabric.jar ...
[2025-08-14 15:21:46][FINE] Loading textures from: mods/DnT-ocean-monument-overhaul-v2 [Fabric].jar ...
[2025-08-14 15:21:46][FINE] Loading textures from: mods/dnt-jungle-temple-overhaul-v2 [Fabric].jar ...
[2025-08-14 15:21:46][FINE] Loading textures from: mods/Geyser-Fabric.jar ...
[2025-08-14 15:21:46][FINE] Loading textures from: mods/cristellib-fabric-2.0.3.jar ...
[2025-08-14 15:21:46][FINE] Loading textures from: mods/dragonegggame-1.0.2-1.21.6.jar ...
[2025-08-14 15:21:46][FINE] Loading textures from: mods/medieval_buildings_nether_edition-1.21.X-1.0.0-fabric.jar ...
[2025-08-14 15:21:46][FINE] Loading textures from: mods/mmv-1.1.3-1.21.8.jar ...
[2025-08-14 15:21:46][FINE] Loading textures from: mods/Philips-Ruins1.21.8-Fabric-1.0.jar ...
[2025-08-14 15:21:46][FINE] Loading textures from: mods/Chunky-Fabric-1.4.40.jar ...
[2025-08-14 15:21:46][FINE] Loading textures from: mods/dnt-desert-temple-overhaul-v2 [Fabric].jar ...
[2025-08-14 15:21:46][FINE] Loading textures from: mods/mss-1.3.6-1.21.8.jar ...
[2025-08-14 15:21:46][FINE] Loading textures from: mods/mes-1.4.4-1.21.8.jar ...
[2025-08-14 15:21:46][FINE] Loading textures from: mods/lithium-fabric-0.18.0+mc1.21.8.jar ...
[2025-08-14 15:21:46][FINE] Loading textures from: mods/mvs-4.4.6-1.21.8.jar ...
[2025-08-14 15:21:46][FINE] Loading textures from: mods/DnT-nether-fortress-overhaul-v3 [Fabric].jar ...
[2025-08-14 15:21:46][FINE] Loading textures from: mods/medieval_buildings-1.21.6-1.1.1-fabric.jar ...
[2025-08-14 15:21:46][FINE] Loading textures from: mods/DnT-pillager-outpost-overhaul-v3.2.1 [Fabric].jar ...
[2025-08-14 15:21:46][FINE] Loading textures from: mods/dnt-swamp-hut-overhaul-v2.2 [Fabric].jar ...
[2025-08-14 15:21:46][FINE] Loading textures from: mods/dnt-stronghold-overhaul-lite-edition-v1.1 [Fabric].jar ...
[2025-08-14 15:21:46][FINE] Loading textures from: mods/fabric-api-0.130.0+1.21.8.jar ...
[2025-08-14 15:21:46][FINE] Loading textures from: mods/Floodgate-Fabric-2.2.5-b45.jar ...
[2025-08-14 15:21:46][FINE] Loading textures from: mods/medieval_buildings_end_edition-1.21.6-1.0.3-fabric.jar ...
[2025-08-14 15:21:46][FINE] Loading textures from: mods/mns-1.1.4-1.21.8.jar ...
[2025-08-14 15:21:46][FINE] Loading textures from: bluemap/resourceExtensions.zip ...
[2025-08-14 15:21:46][FINE] Loading textures from: bluemap/minecraft-client-1.21.8.jar ...
[2025-08-14 15:21:47][FINE] Baking resources...
[2025-08-14 15:21:47][INFO] Resources loaded.
[2025-08-14 15:21:47][FINE] Loading world verm#minecraft:the_end ...
[2025-08-14 15:21:47][FINE] Loading datapack...
[2025-08-14 15:21:47][FINE] Loading datapack from: mods/bluemap-5.10-fabric.jar ...
[2025-08-14 15:21:47][FINE] Loading datapack from: mods/DnT-ocean-monument-overhaul-v2 [Fabric].jar ...
[2025-08-14 15:21:47][FINE] Loading datapack from: mods/dnt-jungle-temple-overhaul-v2 [Fabric].jar ...
[2025-08-14 15:21:47][FINE] Loading datapack from: mods/Geyser-Fabric.jar ...
[2025-08-14 15:21:47][FINE] Loading datapack from: mods/cristellib-fabric-2.0.3.jar ...
[2025-08-14 15:21:47][FINE] Loading datapack from: mods/dragonegggame-1.0.2-1.21.6.jar ...
[2025-08-14 15:21:47][FINE] Loading datapack from: mods/medieval_buildings_nether_edition-1.21.X-1.0.0-fabric.jar ...
[2025-08-14 15:21:47][FINE] Loading datapack from: mods/mmv-1.1.3-1.21.8.jar ...
[2025-08-14 15:21:47][FINE] Loading datapack from: mods/Philips-Ruins1.21.8-Fabric-1.0.jar ...
[2025-08-14 15:21:47][FINE] Loading datapack from: mods/Chunky-Fabric-1.4.40.jar ...
[2025-08-14 15:21:47][FINE] Loading datapack from: mods/dnt-desert-temple-overhaul-v2 [Fabric].jar ...
[2025-08-14 15:21:47][FINE] Loading datapack from: mods/mss-1.3.6-1.21.8.jar ...
[2025-08-14 15:21:47][FINE] Loading datapack from: mods/mes-1.4.4-1.21.8.jar ...
[2025-08-14 15:21:47][FINE] Loading datapack from: mods/lithium-fabric-0.18.0+mc1.21.8.jar ...
[2025-08-14 15:21:47][FINE] Loading datapack from: mods/mvs-4.4.6-1.21.8.jar ...
[2025-08-14 15:21:47][FINE] Loading datapack from: mods/DnT-nether-fortress-overhaul-v3 [Fabric].jar ...
[2025-08-14 15:21:47][FINE] Loading datapack from: mods/medieval_buildings-1.21.6-1.1.1-fabric.jar ...
[2025-08-14 15:21:47][FINE] Loading datapack from: mods/DnT-pillager-outpost-overhaul-v3.2.1 [Fabric].jar ...
[2025-08-14 15:21:47][FINE] Loading datapack from: mods/dnt-swamp-hut-overhaul-v2.2 [Fabric].jar ...
[2025-08-14 15:21:47][FINE] Loading datapack from: mods/dnt-stronghold-overhaul-lite-edition-v1.1 [Fabric].jar ...
[2025-08-14 15:21:47][FINE] Loading datapack from: mods/fabric-api-0.130.0+1.21.8.jar ...
[2025-08-14 15:21:47][FINE] Loading datapack from: mods/Floodgate-Fabric-2.2.5-b45.jar ...
[2025-08-14 15:21:47][FINE] Loading datapack from: mods/medieval_buildings_end_edition-1.21.6-1.0.3-fabric.jar ...
[2025-08-14 15:21:47][FINE] Loading datapack from: mods/mns-1.1.4-1.21.8.jar ...
[2025-08-14 15:21:47][FINE] Loading datapack from: bluemap/resourceExtensions.zip ...
[2025-08-14 15:21:47][FINE] Loading datapack from: bluemap/minecraft-client-1.21.8.jar ...
[2025-08-14 15:21:47][FINE] Baking datapack...
[2025-08-14 15:21:47][FINE] Datapack loaded.
[2025-08-14 15:21:47][INFO] Initializing Storage: 'file' (Type: 'bluemap:file')
[2025-08-14 15:21:47][INFO] Loading map 'verm_the_end'...
[2025-08-14 15:21:47][FINE] Loading render-state for map 'verm_the_end'
[2025-08-14 15:21:47][FINE] Loading textures for map 'verm_the_end'
[2025-08-14 15:21:48][FINE] Loading world verm#minecraft:the_nether ...
[2025-08-14 15:21:48][FINE] Loading datapack...
[2025-08-14 15:21:48][FINE] Loading datapack from: mods/bluemap-5.10-fabric.jar ...
[2025-08-14 15:21:48][FINE] Loading datapack from: mods/DnT-ocean-monument-overhaul-v2 [Fabric].jar ...
[2025-08-14 15:21:48][FINE] Loading datapack from: mods/dnt-jungle-temple-overhaul-v2 [Fabric].jar ...
[2025-08-14 15:21:48][FINE] Loading datapack from: mods/Geyser-Fabric.jar ...
[2025-08-14 15:21:48][FINE] Loading datapack from: mods/cristellib-fabric-2.0.3.jar ...
[2025-08-14 15:21:48][FINE] Loading datapack from: mods/dragonegggame-1.0.2-1.21.6.jar ...
[2025-08-14 15:21:48][FINE] Loading datapack from: mods/medieval_buildings_nether_edition-1.21.X-1.0.0-fabric.jar ...
[2025-08-14 15:21:48][FINE] Loading datapack from: mods/mmv-1.1.3-1.21.8.jar ...
[2025-08-14 15:21:48][FINE] Loading datapack from: mods/Philips-Ruins1.21.8-Fabric-1.0.jar ...
[2025-08-14 15:21:48][FINE] Loading datapack from: mods/Chunky-Fabric-1.4.40.jar ...
[2025-08-14 15:21:48][FINE] Loading datapack from: mods/dnt-desert-temple-overhaul-v2 [Fabric].jar ...
[2025-08-14 15:21:48][FINE] Loading datapack from: mods/mss-1.3.6-1.21.8.jar ...
[2025-08-14 15:21:48][FINE] Loading datapack from: mods/mes-1.4.4-1.21.8.jar ...
[2025-08-14 15:21:48][FINE] Loading datapack from: mods/lithium-fabric-0.18.0+mc1.21.8.jar ...
[2025-08-14 15:21:48][FINE] Loading datapack from: mods/mvs-4.4.6-1.21.8.jar ...
[2025-08-14 15:21:48][FINE] Loading datapack from: mods/DnT-nether-fortress-overhaul-v3 [Fabric].jar ...
[2025-08-14 15:21:48][FINE] Loading datapack from: mods/medieval_buildings-1.21.6-1.1.1-fabric.jar ...
[2025-08-14 15:21:48][FINE] Loading datapack from: mods/DnT-pillager-outpost-overhaul-v3.2.1 [Fabric].jar ...
[2025-08-14 15:21:48][FINE] Loading datapack from: mods/dnt-swamp-hut-overhaul-v2.2 [Fabric].jar ...
[2025-08-14 15:21:48][FINE] Loading datapack from: mods/dnt-stronghold-overhaul-lite-edition-v1.1 [Fabric].jar ...
[2025-08-14 15:21:48][FINE] Loading datapack from: mods/fabric-api-0.130.0+1.21.8.jar ...
[2025-08-14 15:21:48][FINE] Loading datapack from: mods/Floodgate-Fabric-2.2.5-b45.jar ...
[2025-08-14 15:21:48][FINE] Loading datapack from: mods/medieval_buildings_end_edition-1.21.6-1.0.3-fabric.jar ...
[2025-08-14 15:21:48][FINE] Loading datapack from: mods/mns-1.1.4-1.21.8.jar ...
[2025-08-14 15:21:48][FINE] Loading datapack from: bluemap/resourceExtensions.zip ...
[2025-08-14 15:21:48][FINE] Loading datapack from: bluemap/minecraft-client-1.21.8.jar ...
[2025-08-14 15:21:48][FINE] Baking datapack...
[2025-08-14 15:21:48][FINE] Datapack loaded.
[2025-08-14 15:21:48][INFO] Loading map 'verm_the_nether'...
[2025-08-14 15:21:48][FINE] Loading render-state for map 'verm_the_nether'
[2025-08-14 15:21:48][FINE] Loading textures for map 'verm_the_nether'
[2025-08-14 15:21:48][FINE] Loading world verm#minecraft:overworld ...
[2025-08-14 15:21:48][FINE] Loading datapack...
[2025-08-14 15:21:48][FINE] Loading datapack from: mods/bluemap-5.10-fabric.jar ...
[2025-08-14 15:21:48][FINE] Loading datapack from: mods/DnT-ocean-monument-overhaul-v2 [Fabric].jar ...
[2025-08-14 15:21:48][FINE] Loading datapack from: mods/dnt-jungle-temple-overhaul-v2 [Fabric].jar ...
[2025-08-14 15:21:48][FINE] Loading datapack from: mods/Geyser-Fabric.jar ...
[2025-08-14 15:21:48][FINE] Loading datapack from: mods/cristellib-fabric-2.0.3.jar ...
[2025-08-14 15:21:48][FINE] Loading datapack from: mods/dragonegggame-1.0.2-1.21.6.jar ...
[2025-08-14 15:21:48][FINE] Loading datapack from: mods/medieval_buildings_nether_edition-1.21.X-1.0.0-fabric.jar ...
[2025-08-14 15:21:48][FINE] Loading datapack from: mods/mmv-1.1.3-1.21.8.jar ...
[2025-08-14 15:21:48][FINE] Loading datapack from: mods/Philips-Ruins1.21.8-Fabric-1.0.jar ...
[2025-08-14 15:21:48][FINE] Loading datapack from: mods/Chunky-Fabric-1.4.40.jar ...
[2025-08-14 15:21:48][FINE] Loading datapack from: mods/dnt-desert-temple-overhaul-v2 [Fabric].jar ...
[2025-08-14 15:21:48][FINE] Loading datapack from: mods/mss-1.3.6-1.21.8.jar ...
[2025-08-14 15:21:48][FINE] Loading datapack from: mods/mes-1.4.4-1.21.8.jar ...
[2025-08-14 15:21:48][FINE] Loading datapack from: mods/lithium-fabric-0.18.0+mc1.21.8.jar ...
[2025-08-14 15:21:48][FINE] Loading datapack from: mods/mvs-4.4.6-1.21.8.jar ...
[2025-08-14 15:21:48][FINE] Loading datapack from: mods/DnT-nether-fortress-overhaul-v3 [Fabric].jar ...
[2025-08-14 15:21:48][FINE] Loading datapack from: mods/medieval_buildings-1.21.6-1.1.1-fabric.jar ...
[2025-08-14 15:21:48][FINE] Loading datapack from: mods/DnT-pillager-outpost-overhaul-v3.2.1 [Fabric].jar ...
[2025-08-14 15:21:48][FINE] Loading datapack from: mods/dnt-swamp-hut-overhaul-v2.2 [Fabric].jar ...
[2025-08-14 15:21:48][FINE] Loading datapack from: mods/dnt-stronghold-overhaul-lite-edition-v1.1 [Fabric].jar ...
[2025-08-14 15:21:48][FINE] Loading datapack from: mods/fabric-api-0.130.0+1.21.8.jar ...
[2025-08-14 15:21:48][FINE] Loading datapack from: mods/Floodgate-Fabric-2.2.5-b45.jar ...
[2025-08-14 15:21:48][FINE] Loading datapack from: mods/medieval_buildings_end_edition-1.21.6-1.0.3-fabric.jar ...
[2025-08-14 15:21:48][FINE] Loading datapack from: mods/mns-1.1.4-1.21.8.jar ...
[2025-08-14 15:21:48][FINE] Loading datapack from: bluemap/resourceExtensions.zip ...
[2025-08-14 15:21:48][FINE] Loading datapack from: bluemap/minecraft-client-1.21.8.jar ...
[2025-08-14 15:21:48][FINE] Baking datapack...
[2025-08-14 15:21:48][FINE] Datapack loaded.
[2025-08-14 15:21:48][INFO] Loading map 'verm'...
[2025-08-14 15:21:48][FINE] Loading render-state for map 'verm'
[2025-08-14 15:21:48][FINE] Loading textures for map 'verm'
[2025-08-14 15:21:48][INFO] WebServer bound to all network interfaces on port 8100
[2025-08-14 15:21:48][INFO] WebServer started.
[2025-08-14 15:21:48][FINE] Started watching map 'verm_the_end' for updates...
[2025-08-14 15:21:48][FINE] Started watching map 'verm_the_nether' for updates...
[2025-08-14 15:21:48][FINE] Started watching map 'verm' for updates...
[2025-08-14 15:21:48][FINE] Registering style from API: assets/dragonegggame.css
[2025-08-14 15:21:48][INFO] BlueMap loaded!
